sample-id	input	primer-removed	percentage of input primer-removed	filtered	percentage of input passed filter	denoised	non-chimeric	percentage of input non-chimeric
R11_1_P2C2	200.0	176.0	88.0	145.0	72.5	41.0	41.0	20.5
R3_1_P2C2	200.0	173.0	86.5	134.0	67.0	69.0	64.0	32.0
R3_2_P2C2	200.0	176.0	88.0	130.0	65.0	48.0	48.0	24.0
R3_3_P2C2	200.0	180.0	90.0	136.0	68.0	65.0	65.0	32.5
R9_1_P2C2	200.0	168.0	84.0	127.0	63.5	33.0	33.0	16.5
R9_1B_P2C2	200.0	178.0	89.0	144.0	72.0	47.0	47.0	23.5
R9_2_P2C2	200.0	171.0	85.5	139.0	69.5	23.0	23.0	11.5
R9_3_P2C2	200.0	169.0	84.5	135.0	67.5	17.0	17.0	8.5
R9_4_P2C2	200.0	177.0	88.5	140.0	70.0	29.0	29.0	14.5
