sample-id	input	filtered	denoised	merged	non-chimeric
#q2:types	numeric	numeric	numeric	numeric	numeric
BAQ2420.2	100	92	92	74	74
BAQ3473.2	100	95	95	0	0
BAQ3473.3	100	92	92	11	11
BAQ4166.2	100	92	92	0	0
BAQ4166.3	100	89	89	9	9
PAP130.2	100	89	89	6	6
YUN1005.3	100	95	95	85	85
YUN1242.1	100	86	86	68	68
YUN1242.3	100	93	93	50	50
YUN3153.3	100	89	89	36	36
