sample-id	input	filtered	denoised	non-chimeric
#q2:types	numeric	numeric	numeric	numeric
L1S208	100	99	99	99
L1S257	100	98	98	98
L1S57	100	99	99	99
L1S76	100	99	99	99
L2S155	100	72	72	72
L2S175	100	75	75	75
L2S309	100	70	70	70
L2S357	100	68	68	68
L3S294	100	68	68	68
L3S313	100	77	77	77
L4S112	100	66	66	66
L4S63	100	76	76	76
L5S155	100	67	67	67
L5S174	100	64	64	64
L6S20	100	66	66	66
L6S68	100	53	53	53
