sample-id	input	filtered	denoised	non-chimeric
#q2:types	numeric	numeric	numeric	numeric
L1S208	100	100	100	100
L1S257	100	100	100	100
L1S57	100	100	100	100
L1S76	100	100	100	100
L2S155	100	87	87	87
L2S175	100	92	92	92
L2S309	100	93	93	93
L2S357	100	96	96	96
L3S294	100	90	90	90
L3S313	100	94	94	94
L4S112	100	97	97	97
L4S63	100	96	96	96
L5S155	100	94	94	94
L5S174	100	96	96	96
L6S20	100	99	99	99
L6S68	100	98	98	98
