sample-id	input	filtered	denoised	non-chimeric
#q2:types	numeric	numeric	numeric	numeric
L1_S208	100	99	99	99
L1_S257	100	98	98	98
L1_S57	100	99	99	99
L1_S76	100	99	99	99
L2_S155	100	72	72	72
L2_S175	100	75	75	75
L2_S309	100	70	70	70
L2_S357	100	68	68	68
L3_S294	100	68	68	68
L3_S313	100	77	77	77
L4_S112	100	66	66	66
L4_S63	100	76	76	76
L5_S155	100	67	67	38
L5_S174	100	64	64	62
L6_S20	100	66	66	66
L6_S68	100	53	53	53
